\BOOKMARK [0][-]{chapter*.1}{\376\377\000R\000e\000m\000e\000r\000c\000i\000e\000m\000e\000n\000t\000s}{}% 1
\BOOKMARK [0][-]{chapter*.2}{\376\377\000R\000\351\000s\000u\000m\000\351}{}% 2
\BOOKMARK [0][-]{chapter*.3}{\376\377\000A\000b\000s\000t\000r\000a\000c\000t}{}% 3
\BOOKMARK [0][-]{chapter*.4}{\376\377\000L\000i\000s\000t\000e\000\040\000d\000e\000s\000\040\000A\000b\000r\000\351\000v\000i\000a\000t\000i\000o\000n\000s}{}% 4
\BOOKMARK [0][-]{chapter*.6}{\376\377\000L\000i\000s\000t\000e\000\040\000d\000e\000s\000\040\000F\000i\000g\000u\000r\000e\000s}{}% 5
\BOOKMARK [0][-]{chapter*.7}{\376\377\000L\000i\000s\000t\000e\000\040\000d\000e\000s\000\040\000T\000a\000b\000l\000e\000a\000u\000x}{}% 6
\BOOKMARK [0][-]{chapter*.8}{\376\377\000I\000n\000t\000r\000o\000d\000u\000c\000t\000i\000o\000n\000\040\000G\000\351\000n\000\351\000r\000a\000l\000e}{}% 7
\BOOKMARK [1][-]{section.0.1}{\376\377\000C\000o\000n\000t\000e\000x\000t\000e\000\040\000e\000t\000\040\000M\000o\000t\000i\000v\000a\000t\000i\000o\000n}{chapter*.8}% 8
\BOOKMARK [1][-]{section.0.2}{\376\377\000P\000r\000o\000b\000l\000\351\000m\000a\000t\000i\000q\000u\000e}{chapter*.8}% 9
\BOOKMARK [1][-]{section.0.3}{\376\377\000O\000b\000j\000e\000c\000t\000i\000f\000s\000\040\000d\000u\000\040\000P\000r\000o\000j\000e\000t}{chapter*.8}% 10
\BOOKMARK [1][-]{section.0.4}{\376\377\000S\000t\000r\000u\000c\000t\000u\000r\000e\000\040\000d\000u\000\040\000R\000a\000p\000p\000o\000r\000t}{chapter*.8}% 11
\BOOKMARK [1][-]{section.0.5}{\376\377\000M\000\351\000t\000h\000o\000d\000o\000l\000o\000g\000i\000e\000\040\000S\000c\000r\000u\000m}{chapter*.8}% 12
\BOOKMARK [2][-]{subsection.0.5.1}{\376\377\000P\000o\000u\000r\000q\000u\000o\000i\000\040\000S\000c\000r\000u\000m\000\040\000?}{section.0.5}% 13
\BOOKMARK [2][-]{subsection.0.5.2}{\376\377\000R\000\364\000l\000e\000s\000\040\000S\000c\000r\000u\000m}{section.0.5}% 14
\BOOKMARK [1][-]{section.0.6}{\376\377\000P\000l\000a\000n\000i\000f\000i\000c\000a\000t\000i\000o\000n\000\040\000d\000e\000s\000\040\000S\000p\000r\000i\000n\000t\000s}{chapter*.8}% 15
\BOOKMARK [1][-]{section.0.7}{\376\377\000C\000o\000n\000c\000l\000u\000s\000i\000o\000n\000\040\000d\000e\000\040\000l\000'\000I\000n\000t\000r\000o\000d\000u\000c\000t\000i\000o\000n}{chapter*.8}% 16
\BOOKMARK [0][-]{chapter.1}{\376\377\000C\000o\000n\000t\000e\000x\000t\000e\000\040\000G\000\351\000n\000\351\000r\000a\000l\000\040\000e\000t\000\040\000\311\000t\000u\000d\000e\000\040\000P\000r\000\351\000l\000i\000m\000i\000n\000a\000i\000r\000e}{}% 17
\BOOKMARK [1][-]{section.1.1}{\376\377\000I\000n\000t\000r\000o\000d\000u\000c\000t\000i\000o\000n}{chapter.1}% 18
\BOOKMARK [1][-]{section.1.2}{\376\377\000A\000g\000e\000n\000t\000s\000\040\000L\000L\000M\000\040\000e\000t\000\040\000p\000l\000a\000n\000i\000f\000i\000c\000a\000t\000i\000o\000n\000\040\000c\000o\000n\000v\000e\000r\000s\000a\000t\000i\000o\000n\000n\000e\000l\000l\000e}{chapter.1}% 19
\BOOKMARK [2][-]{subsection.1.2.1}{\376\377\000L\000e\000s\000\040\000g\000r\000a\000n\000d\000s\000\040\000m\000o\000d\000\350\000l\000e\000s\000\040\000d\000e\000\040\000l\000a\000n\000g\000a\000g\000e\000\040\000\050\000L\000L\000M\000s\000\051}{section.1.2}% 20
\BOOKMARK [2][-]{subsection.1.2.2}{\376\377\000F\000r\000a\000m\000e\000w\000o\000r\000k\000s\000\040\000a\000g\000e\000n\000t\000i\000q\000u\000e\000s\000\040\000:\000\040\000R\000e\000A\000c\000t\000\040\000e\000t\000\040\000L\000a\000n\000g\000G\000r\000a\000p\000h}{section.1.2}% 21
\BOOKMARK [2][-]{subsection.1.2.3}{\376\377\000A\000b\000s\000t\000r\000a\000c\000t\000i\000o\000n\000\040\000m\000u\000l\000t\000i\000-\000f\000o\000u\000r\000n\000i\000s\000s\000e\000u\000r\000s\000\040\000L\000L\000M}{section.1.2}% 22
\BOOKMARK [1][-]{section.1.3}{\376\377\000G\000\351\000n\000\351\000r\000a\000t\000i\000o\000n\000\040\000a\000u\000g\000m\000e\000n\000t\000\351\000e\000\040\000p\000a\000r\000\040\000r\000\351\000c\000u\000p\000\351\000r\000a\000t\000i\000o\000n\000\040\000\050\000R\000A\000G\000\051}{chapter.1}% 23
\BOOKMARK [2][-]{subsection.1.3.1}{\376\377\000M\000o\000t\000i\000v\000a\000t\000i\000o\000n\000\040\000e\000t\000\040\000p\000r\000i\000n\000c\000i\000p\000e}{section.1.3}% 24
\BOOKMARK [2][-]{subsection.1.3.2}{\376\377\000M\000o\000d\000\350\000l\000e\000\040\000d\000'\000e\000m\000b\000e\000d\000d\000i\000n\000g\000\040\000B\000A\000A\000I\000/\000b\000g\000e\000-\000m\0003}{section.1.3}% 25
\BOOKMARK [2][-]{subsection.1.3.3}{\376\377\000R\000\351\000i\000n\000d\000e\000x\000a\000t\000i\000o\000n\000\040\000a\000u\000t\000o\000m\000a\000t\000i\000q\000u\000e\000\040\000v\000i\000a\000\040\000S\000Q\000L\000A\000l\000c\000h\000e\000m\000y\000\040\000E\000v\000e\000n\000t\000s}{section.1.3}% 26
\BOOKMARK [1][-]{section.1.4}{\376\377\000S\000y\000s\000t\000\350\000m\000e\000s\000\040\000d\000e\000\040\000r\000e\000c\000o\000m\000m\000a\000n\000d\000a\000t\000i\000o\000n\000\040\000:\000\040\000v\000u\000e\000\040\000d\000'\000e\000n\000s\000e\000m\000b\000l\000e}{chapter.1}% 27
\BOOKMARK [1][-]{section.1.5}{\376\377\000B\000a\000n\000d\000i\000t\000s\000\040\000m\000u\000l\000t\000i\000-\000b\000r\000a\000s\000\040\000c\000o\000n\000t\000e\000x\000t\000u\000e\000l\000s\000\040\000e\000t\000\040\000a\000l\000g\000o\000r\000i\000t\000h\000m\000e\000\040\000L\000i\000n\000U\000C\000B}{chapter.1}% 28
\BOOKMARK [2][-]{subsection.1.5.1}{\376\377\000F\000o\000r\000m\000u\000l\000a\000t\000i\000o\000n\000\040\000d\000u\000\040\000p\000r\000o\000b\000l\000\350\000m\000e\000\040\000M\000A\000B}{section.1.5}% 29
\BOOKMARK [2][-]{subsection.1.5.2}{\376\377\000L\000'\000a\000l\000g\000o\000r\000i\000t\000h\000m\000e\000\040\000L\000i\000n\000U\000C\000B\000\040\000e\000t\000\040\000l\000a\000\040\000f\000o\000r\000m\000u\000l\000e\000\040\000d\000e\000\040\000s\000c\000o\000r\000e}{section.1.5}% 30
\BOOKMARK [2][-]{subsection.1.5.3}{\376\377\000I\000n\000g\000\351\000n\000i\000e\000r\000i\000e\000\040\000d\000e\000s\000\040\000c\000a\000r\000a\000c\000t\000\351\000r\000i\000s\000t\000i\000q\000u\000e\000s}{section.1.5}% 31
\BOOKMARK [2][-]{subsection.1.5.4}{\376\377\000P\000i\000p\000e\000l\000i\000n\000e\000\040\000d\000e\000\040\000c\000l\000a\000s\000s\000e\000m\000e\000n\000t\000\040\000p\000o\000s\000t\000-\000L\000i\000n\000U\000C\000B}{section.1.5}% 32
\BOOKMARK [1][-]{section.1.6}{\376\377\000T\000r\000a\000v\000a\000u\000x\000\040\000c\000o\000n\000n\000e\000x\000e\000s\000\040\000e\000t\000\040\000c\000o\000m\000p\000a\000r\000a\000i\000s\000o\000n}{chapter.1}% 33
\BOOKMARK [1][-]{section.1.7}{\376\377\000C\000h\000o\000i\000x\000\040\000t\000e\000c\000h\000n\000o\000l\000o\000g\000i\000q\000u\000e\000s\000\040\000e\000t\000\040\000j\000u\000s\000t\000i\000f\000i\000c\000a\000t\000i\000o\000n}{chapter.1}% 34
\BOOKMARK [1][-]{section.1.7}{\376\377\000C\000o\000n\000c\000l\000u\000s\000i\000o\000n\000\040\000d\000u\000\040\000c\000h\000a\000p\000i\000t\000r\000e}{chapter.1}% 35
\BOOKMARK [0][-]{chapter.2}{\376\377\000L\000a\000n\000c\000e\000m\000e\000n\000t\000\040\000d\000e\000\040\000P\000r\000o\000j\000e\000t}{}% 36
\BOOKMARK [1][-]{section.2.1}{\376\377\000I\000n\000t\000r\000o\000d\000u\000c\000t\000i\000o\000n}{chapter.2}% 37
\BOOKMARK [1][-]{section.2.2}{\376\377\000I\000d\000e\000n\000t\000i\000f\000i\000c\000a\000t\000i\000o\000n\000\040\000d\000e\000s\000\040\000a\000c\000t\000e\000u\000r\000s\000\040\000e\000t\000\040\000b\000e\000s\000o\000i\000n\000s\000\040\000f\000o\000n\000c\000t\000i\000o\000n\000n\000e\000l\000s}{chapter.2}% 38
\BOOKMARK [2][-]{subsection.2.2.1}{\376\377\000I\000d\000e\000n\000t\000i\000f\000i\000c\000a\000t\000i\000o\000n\000\040\000d\000e\000s\000\040\000a\000c\000t\000e\000u\000r\000s}{section.2.2}% 39
\BOOKMARK [2][-]{subsection.2.2.2}{\376\377\000D\000i\000a\000g\000r\000a\000m\000m\000e\000\040\000d\000e\000s\000\040\000c\000a\000s\000\040\000d\000'\000u\000t\000i\000l\000i\000s\000a\000t\000i\000o\000n\000\040\000g\000l\000o\000b\000a\000l}{section.2.2}% 40
\BOOKMARK [2][-]{subsection.2.2.3}{\376\377\000D\000e\000s\000c\000r\000i\000p\000t\000i\000o\000n\000\040\000d\000\351\000t\000a\000i\000l\000l\000\351\000e\000\040\000d\000e\000s\000\040\000c\000a\000s\000\040\000d\000'\000u\000t\000i\000l\000i\000s\000a\000t\000i\000o\000n\000\040\000p\000r\000i\000n\000c\000i\000p\000a\000u\000x}{section.2.2}% 41
\BOOKMARK [1][-]{section.2.3}{\376\377\000B\000e\000s\000o\000i\000n\000s\000\040\000n\000o\000n\000\040\000f\000o\000n\000c\000t\000i\000o\000n\000n\000e\000l\000s}{chapter.2}% 42
\BOOKMARK [1][-]{section.2.4}{\376\377\000A\000r\000c\000h\000i\000t\000e\000c\000t\000u\000r\000e\000\040\000g\000l\000o\000b\000a\000l\000e\000\040\000d\000u\000\040\000s\000y\000s\000t\000\350\000m\000e}{chapter.2}% 43
\BOOKMARK [2][-]{subsection.2.4.1}{\376\377\000V\000u\000e\000\040\000d\000'\000e\000n\000s\000e\000m\000b\000l\000e\000\040\000a\000r\000c\000h\000i\000t\000e\000c\000t\000u\000r\000a\000l\000e}{section.2.4}% 44
\BOOKMARK [2][-]{subsection.2.4.2}{\376\377\000A\000r\000c\000h\000i\000t\000e\000c\000t\000u\000r\000e\000\040\000e\000n\000\040\000c\000o\000u\000c\000h\000e\000s}{section.2.4}% 45
\BOOKMARK [1][-]{section.2.5}{\376\377\000C\000o\000n\000c\000e\000p\000t\000i\000o\000n\000\040\000d\000e\000\040\000l\000a\000\040\000b\000a\000s\000e\000\040\000d\000e\000\040\000d\000o\000n\000n\000\351\000e\000s}{chapter.2}% 46
\BOOKMARK [2][-]{subsection.2.5.1}{\376\377\000V\000u\000e\000\040\000d\000'\000e\000n\000s\000e\000m\000b\000l\000e\000\040\000d\000u\000\040\000s\000c\000h\000\351\000m\000a}{section.2.5}% 47
\BOOKMARK [2][-]{subsection.2.5.2}{\376\377\000D\000e\000s\000c\000r\000i\000p\000t\000i\000o\000n\000\040\000d\000e\000s\000\040\000t\000a\000b\000l\000e\000s\000\040\000c\000l\000\351\000s}{section.2.5}% 48
\BOOKMARK [1][-]{section.2.6}{\376\377\000C\000o\000n\000c\000e\000p\000t\000i\000o\000n\000\040\000d\000e\000\040\000l\000'\000A\000P\000I\000\040\000R\000E\000S\000T}{chapter.2}% 49
\BOOKMARK [1][-]{section.2.7}{\376\377\000S\000\351\000c\000u\000r\000i\000t\000\351\000\040\000e\000t\000\040\000g\000e\000s\000t\000i\000o\000n\000\040\000d\000e\000s\000\040\000d\000o\000n\000n\000\351\000e\000s}{chapter.2}% 50
\BOOKMARK [1][-]{figure.caption.33}{\376\377\000C\000o\000n\000c\000l\000u\000s\000i\000o\000n\000\040\000d\000u\000\040\000c\000h\000a\000p\000i\000t\000r\000e}{chapter.2}% 51
\BOOKMARK [0][-]{chapter.3}{\376\377\000S\000p\000r\000i\000n\000t\000\040\0001\000\040\040\024\000\040\000C\000o\000n\000c\000e\000p\000t\000i\000o\000n\000\040\000e\000t\000\040\000I\000m\000p\000l\000\351\000m\000e\000n\000t\000a\000t\000i\000o\000n\000\040\000d\000e\000\040\000l\000'\000A\000g\000e\000n\000t\000\040\000P\000l\000a\000n\000i\000f\000i\000c\000a\000t\000e\000u\000r}{}% 52
\BOOKMARK [1][-]{section.3.1}{\376\377\000I\000n\000t\000r\000o\000d\000u\000c\000t\000i\000o\000n}{chapter.3}% 53
\BOOKMARK [1][-]{section.3.2}{\376\377\000L\000e\000\040\000g\000r\000a\000p\000h\000e\000\040\000L\000a\000n\000g\000G\000r\000a\000p\000h\000\040\000:\000\040\000m\000a\000c\000h\000i\000n\000e\000\040\000\340\000\040\000\351\000t\000a\000t\000s}{chapter.3}% 54
\BOOKMARK [2][-]{subsection.3.2.1}{\376\377\000L\000'\000A\000g\000e\000n\000t\000S\000t\000a\000t\000e\000\040\000T\000y\000p\000e\000d\000D\000i\000c\000t}{section.3.2}% 55
\BOOKMARK [2][-]{subsection.3.2.2}{\376\377\000F\000o\000n\000c\000t\000i\000o\000n\000s\000\040\000d\000e\000\040\000r\000o\000u\000t\000a\000g\000e\000\040\000c\000o\000n\000d\000i\000t\000i\000o\000n\000n\000e\000l}{section.3.2}% 56
\BOOKMARK [1][-]{section.3.3}{\376\377\000L\000e\000\040\000n\001\123\000u\000d\000\040\000T\000H\000I\000N\000K}{chapter.3}% 57
\BOOKMARK [2][-]{subsection.3.3.1}{\376\377\000C\000o\000n\000s\000t\000r\000u\000c\000t\000i\000o\000n\000\040\000d\000u\000\040\000p\000r\000o\000m\000p\000t\000\040\000s\000y\000s\000t\000\350\000m\000e}{section.3.3}% 58
\BOOKMARK [2][-]{subsection.3.3.2}{\376\377\000I\000n\000j\000e\000c\000t\000i\000o\000n\000\040\000d\000u\000\040\000c\000o\000n\000t\000e\000x\000t\000e\000\040\000d\000y\000n\000a\000m\000i\000q\000u\000e}{section.3.3}% 59
\BOOKMARK [1][-]{section.3.4}{\376\377\000L\000e\000s\000\040\0001\0008\000\040\000o\000u\000t\000i\000l\000s\000\040\000L\000L\000M}{chapter.3}% 60
\BOOKMARK [2][-]{subsection.3.4.1}{\376\377\000V\000u\000e\000\040\000d\000'\000e\000n\000s\000e\000m\000b\000l\000e\000\040\000e\000t\000\040\000r\000e\000g\000i\000s\000t\000r\000e\000\040\000d\000e\000s\000\040\000o\000u\000t\000i\000l\000s}{section.3.4}% 61
\BOOKMARK [2][-]{subsection.3.4.2}{\376\377\000O\000u\000t\000i\000l\000\040\000r\000a\000g\000\137\000s\000e\000a\000r\000c\000h\000\137\000f\000o\000r\000\137\000p\000l\000a\000n\000\040\000:\000\040\000q\000u\000a\000t\000r\000e\000\040\000r\000e\000c\000h\000e\000r\000c\000h\000e\000s\000\040\000p\000a\000r\000a\000l\000l\000\350\000l\000e\000s}{section.3.4}% 62
\BOOKMARK [2][-]{subsection.3.4.3}{\376\377\000O\000u\000t\000i\000l\000\040\000e\000n\000r\000i\000c\000h\000\137\000a\000c\000t\000i\000v\000i\000t\000y\000\040\000:\000\040\000c\000a\000c\000h\000e\000\040\000d\000'\000i\000n\000t\000e\000l\000l\000i\000g\000e\000n\000c\000e\000\040\000I\000A}{section.3.4}% 63
\BOOKMARK [1][-]{section.3.5}{\376\377\000L\000e\000\040\000n\001\123\000u\000d\000\040\000E\000X\000E\000C\000U\000T\000E\000\137\000T\000O\000O\000L}{chapter.3}% 64
\BOOKMARK [1][-]{section.3.6}{\376\377\000L\000e\000\040\000n\001\123\000u\000d\000\040\000V\000A\000L\000I\000D\000A\000T\000E}{chapter.3}% 65
\BOOKMARK [1][-]{section.3.7}{\376\377\000L\000e\000\040\000n\001\123\000u\000d\000\040\000R\000E\000S\000P\000O\000N\000D\000\040\000e\000t\000\040\000l\000a\000\040\000p\000e\000r\000s\000i\000s\000t\000a\000n\000c\000e}{chapter.3}% 66
\BOOKMARK [1][-]{section.3.8}{\376\377\000L\000e\000\040\000p\000i\000p\000e\000l\000i\000n\000e\000\040\000R\000A\000G}{chapter.3}% 67
\BOOKMARK [1][-]{section.3.9}{\376\377\000G\000e\000s\000t\000i\000o\000n\000\040\000d\000e\000\040\000l\000a\000\040\000m\000\351\000m\000o\000i\000r\000e\000\040\000e\000t\000\040\000d\000u\000\040\000c\000o\000n\000t\000e\000x\000t\000e}{chapter.3}% 68
\BOOKMARK [2][-]{subsection.3.9.1}{\376\377\000C\000h\000a\000r\000g\000e\000m\000e\000n\000t\000\040\000d\000u\000\040\000c\000o\000n\000t\000e\000x\000t\000e}{section.3.9}% 69
\BOOKMARK [2][-]{subsection.3.9.2}{\376\377\000R\000\351\000s\000u\000m\000\351\000\040\000a\000u\000t\000o\000m\000a\000t\000i\000q\000u\000e}{section.3.9}% 70
\BOOKMARK [2][-]{subsection.3.9.3}{\376\377\000P\000r\000o\000f\000i\000l\000\040\000u\000t\000i\000l\000i\000s\000a\000t\000e\000u\000r}{section.3.9}% 71
\BOOKMARK [1][-]{section.3.10}{\376\377\000P\000i\000p\000e\000l\000i\000n\000e\000\040\000r\000a\000p\000i\000d\000e\000\040\000d\000e\000\040\000g\000\351\000n\000\351\000r\000a\000t\000i\000o\000n\000\040\000d\000e\000\040\000p\000l\000a\000n\000s}{chapter.3}% 72
\BOOKMARK [1][-]{figure.caption.40}{\376\377\000C\000o\000n\000c\000l\000u\000s\000i\000o\000n\000\040\000d\000u\000\040\000c\000h\000a\000p\000i\000t\000r\000e}{chapter.3}% 73
\BOOKMARK [0][-]{chapter.4}{\376\377\000S\000p\000r\000i\000n\000t\000\040\0002\000\040\040\024\000\040\000I\000m\000p\000l\000\351\000m\000e\000n\000t\000a\000t\000i\000o\000n\000\040\000d\000u\000\040\000M\000o\000t\000e\000u\000r\000\040\000d\000e\000\040\000R\000e\000c\000o\000m\000m\000a\000n\000d\000a\000t\000i\000o\000n\000\040\000H\000y\000b\000r\000i\000d\000\040\000L\000i\000n\000U\000C\000B}{}% 74
\BOOKMARK [1][-]{section.4.1}{\376\377\000I\000n\000t\000r\000o\000d\000u\000c\000t\000i\000o\000n}{chapter.4}% 75
\BOOKMARK [1][-]{section.4.2}{\376\377\000I\000n\000g\000\351\000n\000i\000e\000r\000i\000e\000\040\000d\000e\000s\000\040\000c\000a\000r\000a\000c\000t\000\351\000r\000i\000s\000t\000i\000q\000u\000e\000s}{chapter.4}% 76
\BOOKMARK [2][-]{subsection.4.2.1}{\376\377\000L\000e\000\040\000v\000e\000c\000t\000e\000u\000r\000\040\000u\000t\000i\000l\000i\000s\000a\000t\000e\000u\000r\000\040\000x\000u\000s\000e\000r}{section.4.2}% 77
\BOOKMARK [2][-]{subsection.4.2.2}{\376\377\000L\000e\000\040\000v\000o\000c\000a\000b\000u\000l\000a\000i\000r\000e\000\040\000d\000e\000\040\000t\000a\000g\000s\000\040\000e\000t\000\040\000l\000e\000\040\000v\000e\000c\000t\000e\000u\000r\000\040\000x\000t\000a\000g\000s}{section.4.2}% 78
\BOOKMARK [2][-]{subsection.4.2.3}{\376\377\000L\000e\000\040\000p\000r\000o\000d\000u\000i\000t\000\040\000d\000e\000\040\000K\000r\000o\000n\000e\000c\000k\000e\000r\000\040}{section.4.2}% 79
\BOOKMARK [1][-]{section.4.3}{\376\377\000M\000o\000t\000e\000u\000r\000\040\000d\000e\000\040\000s\000c\000o\000r\000i\000n\000g\000\040\000L\000i\000n\000U\000C\000B}{chapter.4}% 80
\BOOKMARK [2][-]{subsection.4.3.1}{\376\377\000S\000c\000o\000r\000e\000\040\000U\000C\000B\000\040\000e\000t\000\040\000p\000a\000r\000a\000m\000\350\000t\000r\000e\000s}{section.4.3}% 81
\BOOKMARK [2][-]{subsection.4.3.2}{\376\377\000M\000i\000s\000e\000\040\000\340\000\040\000j\000o\000u\000r\000\040\000d\000e\000s\000\040\000m\000a\000t\000r\000i\000c\000e\000s\000\040\000e\000t\000\040\000r\000\351\000c\000o\000m\000p\000e\000n\000s\000e\000s}{section.4.3}% 82
\BOOKMARK [1][-]{section.4.4}{\376\377\000P\000i\000p\000e\000l\000i\000n\000e\000\040\000d\000e\000\040\000c\000l\000a\000s\000s\000e\000m\000e\000n\000t\000\040\000p\000o\000s\000t\000-\000L\000i\000n\000U\000C\000B}{chapter.4}% 83
\BOOKMARK [1][-]{section.4.5}{\376\377\000E\000x\000t\000r\000a\000c\000t\000e\000u\000r\000\040\000d\000e\000\040\000t\000a\000g\000s\000\040\000p\000a\000r\000\040\000L\000L\000M}{chapter.4}% 84
\BOOKMARK [1][-]{section.4.6}{\376\377\000C\000o\000u\000c\000h\000e\000\040\000d\000e\000\040\000d\000o\000n\000n\000\351\000e\000s\000\040\000r\000u\000n\000t\000i\000m\000e}{chapter.4}% 85
\BOOKMARK [2][-]{subsection.4.6.1}{\376\377\000C\000a\000c\000h\000e\000\040\000m\000a\000t\000r\000i\000c\000i\000e\000l\000\040\000e\000n\000\040\000R\000A\000M}{section.4.6}% 86
\BOOKMARK [2][-]{subsection.4.6.2}{\376\377\000T\000r\000a\000i\000t\000e\000m\000e\000n\000t\000\040\000p\000a\000r\000\040\000l\000o\000t\000s\000\040\000d\000'\000\351\000v\000\351\000n\000e\000m\000e\000n\000t\000s}{section.4.6}% 87
\BOOKMARK [2][-]{subsection.4.6.3}{\376\377\000C\000a\000c\000h\000e\000\040\000d\000e\000s\000\040\000b\000r\000a\000s}{section.4.6}% 88
\BOOKMARK [1][-]{section.4.7}{\376\377\000T\000r\000a\000c\000k\000e\000r\000\040\000J\000a\000v\000a\000S\000c\000r\000i\000p\000t}{chapter.4}% 89
\BOOKMARK [2][-]{subsection.4.7.1}{\376\377\000A\000r\000c\000h\000i\000t\000e\000c\000t\000u\000r\000e\000\040\000e\000t\000\040\000i\000n\000i\000t\000i\000a\000l\000i\000s\000a\000t\000i\000o\000n}{section.4.7}% 90
\BOOKMARK [2][-]{subsection.4.7.2}{\376\377\000S\000t\000r\000a\000t\000\351\000g\000i\000e\000\040\000d\000e\000\040\000f\000l\000u\000s\000h\000\040\000e\000t\000\040\000b\000e\000a\000c\000o\000n}{section.4.7}% 91
\BOOKMARK [1][-]{section.4.8}{\376\377\000E\000x\000t\000r\000a\000c\000t\000e\000u\000r\000\040\000d\000e\000\040\000t\000a\000g\000s\000\040\000L\000L\000M\000\040\000e\000t\000\040\000j\000o\000b\000s\000\040\000n\000o\000c\000t\000u\000r\000n\000e\000s}{chapter.4}% 92
\BOOKMARK [2][-]{subsection.4.8.1}{\376\377\000M\000i\000s\000e\000\040\000\340\000\040\000j\000o\000u\000r\000\040\000d\000e\000s\000\040\000p\000r\000o\000f\000i\000l\000s\000\040\000u\000t\000i\000l\000i\000s\000a\000t\000e\000u\000r\000s}{section.4.8}% 93
\BOOKMARK [2][-]{subsection.4.8.2}{\376\377\000G\000e\000s\000t\000i\000o\000n\000\040\000d\000e\000\040\000l\000a\000\040\000d\000\351\000r\000i\000v\000e\000\040\000c\000o\000n\000c\000e\000p\000t\000u\000e\000l\000l\000e}{section.4.8}% 94
\BOOKMARK [2][-]{subsection.4.8.3}{\376\377\000P\000l\000a\000n\000i\000f\000i\000c\000a\000t\000e\000u\000r\000\040\000d\000e\000\040\000t\000\342\000c\000h\000e\000s}{section.4.8}% 95
\BOOKMARK [1][-]{table.caption.44}{\376\377\000C\000o\000n\000c\000l\000u\000s\000i\000o\000n\000\040\000d\000u\000\040\000c\000h\000a\000p\000i\000t\000r\000e}{chapter.4}% 96
\BOOKMARK [0][-]{chapter.5}{\376\377\000S\000p\000r\000i\000n\000t\000\040\0003\000\040\040\024\000\040\000T\000e\000s\000t\000s\000\040\000e\000t\000\040\000\311\000v\000a\000l\000u\000a\000t\000i\000o\000n}{}% 97
\BOOKMARK [1][-]{section.5.1}{\376\377\000I\000n\000t\000r\000o\000d\000u\000c\000t\000i\000o\000n}{chapter.5}% 98
\BOOKMARK [1][-]{section.5.2}{\376\377\000S\000t\000r\000a\000t\000\351\000g\000i\000e\000\040\000d\000e\000\040\000t\000e\000s\000t}{chapter.5}% 99
\BOOKMARK [1][-]{section.5.3}{\376\377\000\311\000v\000a\000l\000u\000a\000t\000i\000o\000n\000\040\000d\000e\000\040\000l\000'\000a\000g\000e\000n\000t\000\040\000p\000l\000a\000n\000i\000f\000i\000c\000a\000t\000e\000u\000r}{chapter.5}% 100
\BOOKMARK [2][-]{subsection.5.3.1}{\376\377\000S\000c\000\351\000n\000a\000r\000i\000o\000s\000\040\000d\000e\000\040\000t\000e\000s\000t}{section.5.3}% 101
\BOOKMARK [2][-]{subsection.5.3.2}{\376\377\000R\000\351\000s\000u\000l\000t\000a\000t\000s\000\040\000d\000e\000\040\000l\000'\000a\000g\000e\000n\000t}{section.5.3}% 102
\BOOKMARK [1][-]{section.5.4}{\376\377\000\311\000v\000a\000l\000u\000a\000t\000i\000o\000n\000\040\000d\000u\000\040\000p\000i\000p\000e\000l\000i\000n\000e\000\040\000R\000A\000G}{chapter.5}% 103
\BOOKMARK [2][-]{subsection.5.4.1}{\376\377\000P\000r\000\351\000c\000i\000s\000i\000o\000n\000\040\000d\000e\000\040\000r\000\351\000c\000u\000p\000\351\000r\000a\000t\000i\000o\000n}{section.5.4}% 104
\BOOKMARK [2][-]{subsection.5.4.2}{\376\377\000P\000e\000r\000f\000o\000r\000m\000a\000n\000c\000e\000\040\000d\000e\000\040\000l\000a\000\040\000r\000\351\000i\000n\000d\000e\000x\000a\000t\000i\000o\000n\000\040\000a\000u\000t\000o\000m\000a\000t\000i\000q\000u\000e}{section.5.4}% 105
\BOOKMARK [1][-]{section.5.5}{\376\377\000\311\000v\000a\000l\000u\000a\000t\000i\000o\000n\000\040\000d\000u\000\040\000m\000o\000t\000e\000u\000r\000\040\000d\000e\000\040\000r\000e\000c\000o\000m\000m\000a\000n\000d\000a\000t\000i\000o\000n}{chapter.5}% 106
\BOOKMARK [2][-]{subsection.5.5.1}{\376\377\000S\000i\000m\000u\000l\000a\000t\000i\000o\000n\000\040\000d\000e\000\040\000r\000\351\000c\000o\000m\000p\000e\000n\000s\000e\000\040\000c\000u\000m\000u\000l\000\351\000e}{section.5.5}% 107
\BOOKMARK [2][-]{subsection.5.5.2}{\376\377\000L\000a\000t\000e\000n\000c\000e\000\040\000d\000e\000\040\000s\000c\000o\000r\000i\000n\000g}{section.5.5}% 108
\BOOKMARK [1][-]{section.5.6}{\376\377\000P\000e\000r\000f\000o\000r\000m\000a\000n\000c\000e\000\040\000g\000l\000o\000b\000a\000l\000e\000\040\000d\000u\000\040\000s\000y\000s\000t\000\350\000m\000e}{chapter.5}% 109
\BOOKMARK [1][-]{section.5.7}{\376\377\000D\000i\000s\000c\000u\000s\000s\000i\000o\000n\000\040\000e\000t\000\040\000l\000i\000m\000i\000t\000e\000s}{chapter.5}% 110
\BOOKMARK [1][-]{section.5.7}{\376\377\000C\000o\000n\000c\000l\000u\000s\000i\000o\000n\000\040\000d\000u\000\040\000c\000h\000a\000p\000i\000t\000r\000e}{chapter.5}% 111
\BOOKMARK [0][-]{chapter.6}{\376\377\000S\000p\000r\000i\000n\000t\000\040\0004\000\040\040\024\000\040\000I\000n\000t\000\351\000g\000r\000a\000t\000i\000o\000n\000\040\000e\000t\000\040\000D\000\351\000p\000l\000o\000i\000e\000m\000e\000n\000t}{}% 112
\BOOKMARK [1][-]{section.6.1}{\376\377\000I\000n\000t\000r\000o\000d\000u\000c\000t\000i\000o\000n}{chapter.6}% 113
\BOOKMARK [1][-]{section.6.2}{\376\377\000S\000p\000r\000i\000n\000t\000\040\0004\000\040\000P\000l\000a\000n\000n\000i\000n\000g}{chapter.6}% 114
\BOOKMARK [2][-]{subsection.6.2.1}{\376\377\000O\000b\000j\000e\000c\000t\000i\000f\000\040\000d\000u\000\040\000S\000p\000r\000i\000n\000t\000\040\0004}{section.6.2}% 115
\BOOKMARK [2][-]{subsection.6.2.2}{\376\377\000S\000p\000r\000i\000n\000t\000\040\000B\000a\000c\000k\000l\000o\000g\000\040\000d\000u\000\040\000S\000p\000r\000i\000n\000t\000\040\0004}{section.6.2}% 116
\BOOKMARK [1][-]{section.6.3}{\376\377\000A\000n\000a\000l\000y\000s\000e}{chapter.6}% 117
\BOOKMARK [2][-]{subsection.6.3.1}{\376\377\000D\000i\000a\000g\000r\000a\000m\000m\000e\000\040\000d\000e\000\040\000C\000a\000s\000\040\000d\000'\000U\000t\000i\000l\000i\000s\000a\000t\000i\000o\000n\000\040\000d\000u\000\040\000S\000p\000r\000i\000n\000t\000\040\0004}{section.6.3}% 118
\BOOKMARK [2][-]{subsection.6.3.2}{\376\377\000D\000e\000s\000c\000r\000i\000p\000t\000i\000o\000n\000\040\000T\000e\000x\000t\000u\000e\000l\000l\000e\000\040\000d\000e\000s\000\040\000C\000a\000s\000\040\000d\000'\000U\000t\000i\000l\000i\000s\000a\000t\000i\000o\000n}{section.6.3}% 119
\BOOKMARK [1][-]{section.6.4}{\376\377\000C\000o\000n\000c\000e\000p\000t\000i\000o\000n}{chapter.6}% 120
\BOOKMARK [2][-]{subsection.6.4.1}{\376\377\000D\000i\000a\000g\000r\000a\000m\000m\000e\000\040\000d\000e\000\040\000S\000\351\000q\000u\000e\000n\000c\000e\000\040\040\024\000\040\000H\000e\000a\000l\000t\000h\000\040\000C\000h\000e\000c\000k}{section.6.4}% 121
\BOOKMARK [2][-]{subsection.6.4.2}{\376\377\000D\000i\000a\000g\000r\000a\000m\000m\000e\000\040\000d\000e\000\040\000S\000\351\000q\000u\000e\000n\000c\000e\000\040\040\024\000\040\000R\000e\000b\000u\000i\000l\000d\000\040\000I\000n\000d\000e\000x}{section.6.4}% 122
\BOOKMARK [1][-]{section.6.5}{\376\377\000R\000\351\000a\000l\000i\000s\000a\000t\000i\000o\000n}{chapter.6}% 123
\BOOKMARK [2][-]{subsection.6.5.1}{\376\377\000E\000n\000d\000p\000o\000i\000n\000t\000\040\000d\000e\000\040\000S\000a\000n\000t\000\351\000\040\000\050\000G\000E\000T\000\040\000/\000h\000e\000a\000l\000t\000h\000\051}{section.6.5}% 124
\BOOKMARK [2][-]{subsection.6.5.2}{\376\377\000T\000a\000b\000l\000e\000a\000u\000\040\000d\000e\000\040\000B\000o\000r\000d\000\040\000A\000d\000m\000i\000n\000i\000s\000t\000r\000a\000t\000e\000u\000r}{section.6.5}% 125
\BOOKMARK [2][-]{subsection.6.5.3}{\376\377\000D\000o\000c\000u\000m\000e\000n\000t\000a\000t\000i\000o\000n\000\040\000A\000P\000I\000\040\000O\000p\000e\000n\000A\000P\000I}{section.6.5}% 126
\BOOKMARK [2][-]{subsection.6.5.4}{\376\377\000J\000o\000u\000r\000n\000a\000l\000i\000s\000a\000t\000i\000o\000n\000\040\000R\000o\000t\000a\000t\000i\000v\000e}{section.6.5}% 127
\BOOKMARK [2][-]{subsection.6.5.5}{\376\377\000S\000c\000\351\000n\000a\000r\000i\000o\000\040\000d\000e\000\040\000D\000\351\000m\000o\000n\000s\000t\000r\000a\000t\000i\000o\000n\000\040\000C\000o\000m\000p\000l\000\350\000t\000e}{section.6.5}% 128
\BOOKMARK [1][-]{section.6.6}{\376\377\000T\000e\000s\000t\000s\000\040\000d\000'\000I\000n\000t\000\351\000g\000r\000a\000t\000i\000o\000n}{chapter.6}% 129
\BOOKMARK [1][-]{section.6.7}{\376\377\000C\000o\000n\000c\000l\000u\000s\000i\000o\000n\000\040\000d\000u\000\040\000S\000p\000r\000i\000n\000t\000\040\0004}{chapter.6}% 130
\BOOKMARK [0][-]{chapter*.64}{\376\377\000C\000o\000n\000c\000l\000u\000s\000i\000o\000n\000\040\000G\000\351\000n\000\351\000r\000a\000l\000e\000\040\000e\000t\000\040\000P\000e\000r\000s\000p\000e\000c\000t\000i\000v\000e\000s}{}% 131
\BOOKMARK [1][-]{section*.65}{\376\377\000B\000i\000l\000a\000n\000\040\000d\000e\000s\000\040\000c\000o\000n\000t\000r\000i\000b\000u\000t\000i\000o\000n\000s}{chapter*.64}% 132
\BOOKMARK [1][-]{section*.65}{\376\377\000P\000e\000r\000s\000p\000e\000c\000t\000i\000v\000e\000s\000\040\000e\000t\000\040\000t\000r\000a\000v\000a\000u\000x\000\040\000f\000u\000t\000u\000r\000s}{chapter*.64}% 133
\BOOKMARK [1][-]{section*.65}{\376\377\000M\000o\000t\000\040\000d\000e\000\040\000l\000a\000\040\000f\000i\000n}{chapter*.64}% 134
\BOOKMARK [0][-]{chapter.A}{\376\377\000A\000n\000n\000e\000x\000e\000s}{}% 135
\BOOKMARK [0][-]{chapter.A}{\376\377\000A\000n\000n\000e\000x\000e\000s}{}% 136
\BOOKMARK [1][-]{section.A.1}{\376\377\000V\000o\000c\000a\000b\000u\000l\000a\000i\000r\000e\000\040\000d\000e\000s\000\040\000t\000a\000g\000s\000\040\000\050\000T\000A\000G\000\137\000V\000O\000C\000A\000B\000\040\000c\000o\000m\000p\000l\000e\000t\000\051}{chapter.A}% 137
\BOOKMARK [1][-]{section.A.2}{\376\377\000I\000n\000v\000i\000t\000e\000\040\000s\000y\000s\000t\000\350\000m\000e\000\040\000d\000e\000\040\000l\000'\000a\000g\000e\000n\000t\000\040\000G\000u\000i\000d\000n\000i\000\040\000\050\000e\000x\000t\000r\000a\000i\000t\000s\000\051}{chapter.A}% 138
\BOOKMARK [1][-]{section.A.3}{\376\377\000E\000x\000t\000r\000a\000i\000t\000s\000\040\000d\000u\000\040\000s\000c\000h\000\351\000m\000a\000\040\000d\000e\000\040\000b\000a\000s\000e\000\040\000d\000e\000\040\000d\000o\000n\000n\000\351\000e\000s}{chapter.A}% 139
\BOOKMARK [1][-]{section.A.4}{\376\377\000C\000a\000p\000t\000u\000r\000e\000s\000\040\000d\000'\000\351\000c\000r\000a\000n\000\040\000d\000e\000\040\000l\000'\000a\000p\000p\000l\000i\000c\000a\000t\000i\000o\000n}{chapter.A}% 140
